// Jest Snapshot v1, https://goo.gl/fbAQLP

exports[`Image component Should render Image component with default props 1`] = `
<div>
  <img
    alt="Test Image"
    class="transition-opacity object-cover duration-200 ease-in-out opacity-80"
    data-nimg="1"
    decoding="async"
    height="100"
    src="http://localhost/_next/image?url=%2Ftest.src&w=256&q=75"
    srcset="/_next/image?url=%2Ftest.src&w=128&q=75 1x, /_next/image?url=%2Ftest.src&w=256&q=75 2x"
    style="color: transparent;"
    width="100"
  />
</div>
`;
